=================================================================
  ESM Embedding Inspection
=================================================================

Loading data/processed/embeddings/esmif_structure_embeddings.h5...

── HDF5 Metadata ──────────────────────────────────────────
  emb_dim               : 512
  model                 : esm_if1_gvp4_t16_142M_UR50
  n_samples             : 53072

── Datasets ───────────────────────────────────────────────
  c_flank_if_struct       : shape=(53072, 512)  dtype=float32
  n_flank_if_struct       : shape=(53072, 512)  dtype=float32
  peptide_ids             : shape=(53072,)  dtype=|S20
  peptide_if_struct       : shape=(53072, 512)  dtype=float32
  uniprot_ids             : shape=(53072,)  dtype=|S20

  Detected format: ESM-IF

  Loaded 53072 samples, embedding dim = 512
  Model type: ESM-IF

Loading data/processed/df_all.csv...
  Positives (label=1) : 23441
  Negatives (label=0) : 29631

=================================================================
  1. Basic Embedding Statistics
=================================================================

  ── peptide embeddings ((53072, 512)) ──
    Zero vectors       : 6290 / 53072  (11.9%)
    Value range        : [-1.9606, 1.8730]
    Mean (all dims)    : 0.004027
    Std  (all dims)    : 0.242411
    L2 norm  min/med/max : 0.000 / 5.452 / 11.644
    Per-dim mean range : [-0.6818, 0.4936]
    Per-dim std range  : [0.1011, 0.4254]

  ── n_flank embeddings ((53072, 512)) ──
    Zero vectors       : 6325 / 53072  (11.9%)
    Value range        : [-1.9863, 1.7635]
    Mean (all dims)    : 0.004269
    Std  (all dims)    : 0.238358
    L2 norm  min/med/max : 0.000 / 5.344 / 10.697
    Per-dim mean range : [-0.6352, 0.4578]
    Per-dim std range  : [0.0985, 0.3981]

  ── c_flank embeddings ((53072, 512)) ──
    Zero vectors       : 6427 / 53072  (12.1%)
    Value range        : [-1.9866, 1.8559]
    Mean (all dims)    : 0.004152
    Std  (all dims)    : 0.238402
    L2 norm  min/med/max : 0.000 / 5.343 / 11.657
    Per-dim mean range : [-0.6271, 0.4609]
    Per-dim std range  : [0.0990, 0.3953]

  ── Fallback flags: not available (ESM-IF) ──

=================================================================
  2. Plotting L2 norm distributions...
=================================================================
  Saved: results/embedding_inspection/esm_if/l2_norm_distributions.png

=================================================================
  3. Per-dimension mean difference (positive vs negative)...
=================================================================
  Saved: results/embedding_inspection/esm_if/per_dim_mean_diff.png

=================================================================
  4. Cosine similarity between peptide / n_flank / c_flank...
=================================================================
  peptide↔n_flank       : median(pos)=0.655  median(neg)=0.668  (n_valid=46747)
  peptide↔c_flank       : median(pos)=0.646  median(neg)=0.667  (n_valid=46645)
  n_flank↔c_flank       : median(pos)=0.588  median(neg)=0.612  (n_valid=46610)
  Saved: results/embedding_inspection/esm_if/cosine_similarity.png

=================================================================
  5. Inter-sample cosine similarity (sampling 2000 pairs)...
=================================================================
  peptide: pos↔pos=0.289  neg↔neg=0.302  pos↔neg=0.289
  n_flank: pos↔pos=0.294  neg↔neg=0.314  pos↔neg=0.299
  c_flank: pos↔pos=0.299  neg↔neg=0.308  pos↔neg=0.302
  Saved: results/embedding_inspection/esm_if/inter_sample_cosine.png

=================================================================
  6. PCA analysis...
=================================================================
  peptide: 50% variance in 18 PCs
  peptide: 75% variance in 50 PCs
  peptide: 90% variance in 50 PCs
  n_flank: 50% variance in 17 PCs
  n_flank: 75% variance in 50 PCs
  n_flank: 90% variance in 50 PCs
  c_flank: 50% variance in 17 PCs
  c_flank: 75% variance in 50 PCs
  c_flank: 90% variance in 50 PCs
  Saved: results/embedding_inspection/esm_if/pca_analysis.png

=================================================================
  7. t-SNE on peptide embeddings...
=================================================================
  Running t-SNE on 5000 samples (perplexity=30)...
  Saved: results/embedding_inspection/esm_if/tsne_peptide.png

=================================================================
  8. Top discriminative dimensions (Mann-Whitney per dim)...
=================================================================
  peptide: 333/512 dims significant (Bonferroni p<0.05)
    Top 5 effect sizes: d471=0.1484, d122=0.1342, d193=0.1256, d474=0.1236, d290=-0.1151
  n_flank: 320/512 dims significant (Bonferroni p<0.05)
    Top 5 effect sizes: d471=0.1531, d122=0.1369, d474=0.1240, d164=0.1067, d227=-0.1021
  c_flank: 309/512 dims significant (Bonferroni p<0.05)
    Top 5 effect sizes: d471=0.1287, d509=-0.1111, d290=-0.1070, d474=0.1058, d151=0.1031
  Saved: results/embedding_inspection/esm_if/top_discriminative_dims.png

=================================================================
  9. Embedding norm vs peptide length...
=================================================================
  Saved: results/embedding_inspection/esm_if/norm_vs_length.png

=================================================================
  10. Summary
=================================================================
 model  region  n_samples  emb_dim  n_zero_vecs norm_median norm_std value_mean value_std
ESM-IF peptide      53072      512         6290       5.452    2.052   0.004027  0.242411
ESM-IF n_flank      53072      512         6325       5.344    2.032   0.004269  0.238358
ESM-IF c_flank      53072      512         6427       5.343    2.047   0.004152  0.238402

  Saved: results/embedding_inspection/esm_if/embedding_summary.csv

=================================================================
  All outputs saved to: results/embedding_inspection/esm_if/
=================================================================

Files:
  cosine_similarity.png
  embedding_summary.csv
  inspect.log
  inter_sample_cosine.png
  l2_norm_distributions.png
  norm_vs_length.png
  pca_analysis.png
  per_dim_mean_diff.png
  top_discriminative_dims.png
  tsne_peptide.png
